Mail Sieve
    Require
        String ("fileinto")
