Mail Sieve
    Branch
        Condition
            True
        Block
            Command (keep)
            Command (stop)
