Mail Sieve
    Require
        String List
            String ("fileinto")
            String ("imap4flags")
